******************************************************************************
                  TI ARM Linker PC v20.2.7                     
******************************************************************************
>> Linked Thu Apr 13 14:39:43 2023

OUTPUT FILE NAME:   <LED_TEST_4.out>
ENTRY POINT SYMBOL: "_c_int00"  address: 00006fa8


MEMORY CONFIGURATION

         name            origin    length      used     unused   attr    fill
----------------------  --------  ---------  --------  --------  ----  --------
  VECTORS               00000000   00000020  00000020  00000000     X
  FLASH0                00000020   000fffe0  00007e20  000f81c0  R  X
  STACKS                08000000   00001500  00000000  00001500  RW  
  RAM                   08001500   0001eb00  00000014  0001eaec  RW  


SEGMENT ALLOCATION MAP

run origin  load origin   length   init length attrs members
----------  ----------- ---------- ----------- ----- -------
00000000    00000000    00007e40   00007e40    r-x
  00000000    00000000    00000020   00000020    r-x .intvecs
  00000020    00000020    0000783c   0000783c    r-x .text
  0000785c    0000785c    000005cc   000005cc    r-- .const
  00007e28    00007e28    00000018   00000018    r-- .cinit
08001500    08001500    00000014   00000000    rw-
  08001500    08001500    00000014   00000000    rw- .data


SECTION ALLOCATION MAP

 output                                  attributes/
section   page    origin      length       input sections
--------  ----  ----------  ----------   ----------------
.intvecs   0    00000000    00000020     
                  00000000    00000020     sys_intvecs.obj (.intvecs)

.text      0    00000020    0000783c     
                  00000020    00002a14     sys_selftest.obj (.text)
                  00002a34    00000ad4     system.obj (.text)
                  00003508    00000a54     sys_vim.obj (.text)
                  00003f5c    000008f0     het.obj (.text)
                  0000484c    000007d8     pinmux.obj (.text)
                  00005024    00000664     errata_SSWF021_45.obj (.text)
                  00005688    0000063c     rti.obj (.text)
                  00005cc4    000005bc     esm.obj (.text)
                  00006280    00000484     gio.obj (.text)
                  00006704    0000034c     sys_core.obj (.text)
                  00006a50    000002cc     sys_vim.obj (.text:retain)
                  00006d1c    0000028c     led_blink.obj (.text)
                  00006fa8    0000025c     sys_startup.obj (.text:retain)
                  00007204    00000114     esm.obj (.text:retain)
                  00007318    000000e8     dabort.obj (.text)
                  00007400    000000e0     sys_pmu.obj (.text)
                  000074e0    000000d0     notification.obj (.text)
                  000075b0    000000a8     sys_main.obj (.text)
                  00007658    0000009c     rtsv7R4_T_be_v3D16_eabi.lib : memcpy_t2.asm.obj (.text)
                  000076f4    0000006c                                 : copy_decompress_lzss.c.obj (.text:decompress:lzss:__TI_decompress_lzss)
                  00007760    00000050                                 : u_div32.asm.obj (.text)
                  000077b0    0000004c     rti.obj (.text:retain)
                  000077fc    00000044     rtsv7R4_T_be_v3D16_eabi.lib : autoinit.c.obj (.text:__TI_auto_init_nobinit_nopinit:__TI_auto_init_nobinit_nopinit)
                  00007840    0000000e                                 : copy_decompress_none.c.obj (.text:decompress:none:__TI_decompress_none)
                  0000784e    00000004                                 : exit.c.obj (.text:abort:abort)
                  00007852    00000002                                 : div0.asm.obj (.text)
                  00007854    00000004     sys_phantom.obj (.text:retain)
                  00007858    00000004     sys_startup.obj (.text)

.const     0    0000785c    000005cc     
                  0000785c    000003a0     het.obj (.const:het1PROGRAM)
                  00007bfc    00000200     sys_vim.obj (.const:s_vim_init)
                  00007dfc    00000020     het.obj (.const:s_het1pwmPolarity)
                  00007e1c    0000000c     led_blink.obj (.const:led_period_ms)

.cinit     0    00007e28    00000018     
                  00007e28    00000008     (.cinit..data.load) [load image, compression = lzss]
                  00007e30    00000008     (__TI_handler_table)
                  00007e38    00000008     (__TI_cinit_table)

.data      0    08001500    00000014     UNINITIALIZED
                  08001500    00000014     led_blink.obj (.data)

__llvm_prf_cnts 
*          0    08001500    00000000     UNINITIALIZED

MODULE SUMMARY

       Module                       code    ro data   rw data
       ------                       ----    -------   -------
    .\source\
       sys_selftest.obj             10772   0         0      
       sys_vim.obj                  3360    512       0      
       het.obj                      2288    960       0      
       system.obj                   2772    0         0      
       pinmux.obj                   2008    0         0      
       esm.obj                      1744    0         0      
       rti.obj                      1672    0         0      
       errata_SSWF021_45.obj        1636    0         0      
       gio.obj                      1156    0         0      
       sys_core.obj                 844     0         0      
       led_blink.obj                652     12        20     
       sys_startup.obj              608     0         0      
       dabort.obj                   232     0         0      
       sys_pmu.obj                  224     0         0      
       notification.obj             208     0         0      
       sys_main.obj                 168     0         0      
       sys_intvecs.obj              32      0         0      
       sys_phantom.obj              4       0         0      
    +--+----------------------------+-------+---------+---------+
       Total:                       30380   1484      20     
                                                             
    D:/Progs/ccs/tools/compiler/ti-cgt-arm_20.2.7.LTS/lib/rtsv7R4_T_be_v3D16_eabi.lib
       memcpy_t2.asm.obj            156     0         0      
       copy_decompress_lzss.c.obj   108     0         0      
       u_div32.asm.obj              80      0         0      
       autoinit.c.obj               68      0         0      
       copy_decompress_none.c.obj   14      0         0      
       exit.c.obj                   4       0         0      
       div0.asm.obj                 2       0         0      
    +--+----------------------------+-------+---------+---------+
       Total:                       432     0         0      
                                                             
       Linker Generated:            0       24        0      
    +--+----------------------------+-------+---------+---------+
       Grand Total:                 30812   1508      20     


LINKER GENERATED COPY TABLES

__TI_cinit_table @ 00007e38 records: 1, size/record: 8, table size: 8
	.data: load addr=00007e28, load size=00000008 bytes, run addr=08001500, run size=00000014 bytes, compression=lzss


LINKER GENERATED HANDLER TABLE

__TI_handler_table @ 00007e30 records: 2, size/record: 4, table size: 8
	index: 0, handler: __TI_decompress_lzss
	index: 1, handler: __TI_decompress_none


GLOBAL SYMBOLS: SORTED ALPHABETICALLY BY Name 

address   name                                
-------   ----                                
00006e64  BinaryInc                           
0000784f  C$$EXIT                             
000059f4  IsdwdKeySequenceCorrect             
00006d1c  ModeChange                          
00006e3c  Pong                                
UNDEFED   SHT$$INIT_ARRAY$$Base               
UNDEFED   SHT$$INIT_ARRAY$$Limit              
00006e20  Wave                                
00007e38  __TI_CINIT_Base                     
00007e40  __TI_CINIT_Limit                    
00007e30  __TI_Handler_Table_Base             
00007e38  __TI_Handler_Table_Limit            
00006a48  __TI_PINIT_Base                     
00006a4c  __TI_PINIT_Limit                    
000077fd  __TI_auto_init_nobinit_nopinit      
000076f5  __TI_decompress_lzss                
00007841  __TI_decompress_none                
ffffffff  __TI_pprof_out_hndl                 
ffffffff  __TI_prof_data_size                 
ffffffff  __TI_prof_data_start                
00000000  __TI_static_base__                  
00007853  __aeabi_idiv0                       
00007853  __aeabi_ldiv0                       
00007659  __aeabi_memcpy                      
00007659  __aeabi_memcpy4                     
00007659  __aeabi_memcpy8                     
00007760  __aeabi_uidiv                       
00007760  __aeabi_uidivmod                    
ffffffff  __binit__                           
ffffffff  __c_args__                          
08001500  __start___llvm_prf_cnts             
08001500  __stop___llvm_prf_cnts              
00006fa8  _c_int00                            
00006960  _coreClearAuxiliaryDataFault_       
00006974  _coreClearAuxiliaryInstructionFault_
00006938  _coreClearDataFaultAddress_         
00006910  _coreClearDataFault_                
0000694c  _coreClearInstructionFaultAddress_  
00006924  _coreClearInstructionFault_         
000068a4  _coreDisableEventBusExport_         
000068e8  _coreDisableFlashEcc_               
000068c4  _coreDisableRamEcc_                 
00006894  _coreEnableEventBusExport_          
000068d4  _coreEnableFlashEcc_                
000068f8  _coreEnableIrqVicOffset_            
000068b4  _coreEnableRamEcc_                  
0000687c  _coreEnableVfp_                     
00006958  _coreGetAuxiliaryDataFault_         
0000696c  _coreGetAuxiliaryInstructionFault_  
00006930  _coreGetDataFaultAddress_           
00006908  _coreGetDataFault_                  
00006944  _coreGetInstructionFaultAddress_    
0000691c  _coreGetInstructionFault_           
00006704  _coreInitRegisters_                 
00006810  _coreInitStackPointer_              
00007318  _dabort                             
00006988  _disable_FIQ_interrupt_             
00006990  _disable_IRQ_interrupt_             
00006980  _disable_interrupt_                 
00006998  _enable_interrupt_                  
00006a28  _errata_CORTEXR4_57_                
00006a38  _errata_CORTEXR4_66_                
00005024  _errata_SSWF021_45_both_plls        
00005218  _errata_SSWF021_45_pll1             
00005390  _errata_SSWF021_45_pll2             
000069a0  _esmCcmErrorsClear_                 
0000685c  _getCPSRValue_                      
00006864  _gotoCPUIdle_                       
0000745c  _pmuDisableCountersGlobal_          
0000744c  _pmuEnableCountersGlobal_           
000074b8  _pmuGetCycleCount_                  
000074c0  _pmuGetEventCount_                  
000074cc  _pmuGetOverflow_                    
00007400  _pmuInit_                           
0000748c  _pmuResetCounters_                  
0000746c  _pmuResetCycleCounter_              
0000747c  _pmuResetEventCounters_             
000074ac  _pmuSetCountEvent_                  
0000749c  _pmuStartCounters_                  
000074a4  _pmuStopCounters_                   
UNDEFED   _system_post_cinit                  
0000784f  abort                               
0000126c  adc1ParityCheck                     
00001358  adc2ParityCheck                     
ffffffff  binit                               
00001410  can1ParityCheck                     
000014e8  can2ParityCheck                     
00004568  capGetSignal                        
00000030  ccmSelfCheck                        
00002454  ccmr4GetConfigValue                 
00000938  checkB0RAMECC                       
00000b28  checkB1RAMECC                       
00001a50  checkClockMonitor                   
00000d18  checkFlashECC                       
00001b18  checkFlashEEPROMECC                 
00001cac  checkPLL1Slip                       
00001db0  checkRAMAddrParity                  
00001800  checkRAMECC                         
00001ec4  checkRAMUERRTest                    
000007bc  checkefcSelfTest                    
00000234  cpuSelfTest                         
00000dfc  cpuSelfTestFail                     
00003444  customTrimLPO                       
00000df4  custom_dabort                       
000028bc  disableParity                       
0000759c  dmaGroupANotification               
00000eac  dmaParityCheck                      
00005a5c  dwdClearFlag                        
00005990  dwdCounterEnable                    
000059d8  dwdGenerateSysReset                 
00005a28  dwdGetStatus                        
00005a6c  dwdGetViolationStatus               
00005914  dwdInit                             
000059bc  dwdReset                            
000059a0  dwdSetPreload                       
00005984  dwwdGetCurrentDownCounter           
0000593c  dwwdInit                            
00004528  edgeDisableNotification             
000044ec  edgeEnableNotification              
000044c0  edgeGetCounter                      
00007574  edgeNotification                    
00004494  edgeResetCounter                    
00000660  efcCheck                            
000023bc  efcGetConfigValue                   
00000794  efcSelfTest                         
000006e8  efcStuckZeroTest                    
00002840  enableParity                        
000024d4  errata_PBIST_4                      
00005e48  esmActivateNormalOperation          
00005f1c  esmClearStatus                      
00005f5c  esmClearStatusBuffer                
00005e10  esmDisableError                     
00005e80  esmDisableInterrupt                 
00005de8  esmEnableError                      
00005e58  esmEnableInterrupt                  
00006054  esmEnterSelfTest                    
00005dcc  esmError                            
0000612c  esmGetConfigValue                   
00005f98  esmGetStatus                        
0000601c  esmGetStatusBuffer                  
000074e0  esmGroup1Notification               
000074f0  esmGroup2Notification               
00007204  esmHighInterrupt                    
00005cc4  esmInit                             
000060dc  esmSelfTestStatus                   
00005f78  esmSetCounterPreloadValue           
00005ea8  esmSetInterruptLevel                
00005e38  esmTriggerErrorPinReset             
00002034  fmcBus1ParityCheck                  
0000085c  fmcBus2Check                        
00000898  fmcECCcheck                         
000064e0  gioDisableNotification              
00006478  gioEnableNotification               
000063e0  gioGetBit                           
00006548  gioGetConfigValue                   
00006408  gioGetPort                          
00006280  gioInit                             
00007548  gioNotification                     
00006370  gioSetBit                           
00006350  gioSetDirection                     
000063c0  gioSetPort                          
00006420  gioToggleBit                        
00007858  handlePLLLockFail                   
00004674  het1GetConfigValue                  
00000f58  het1ParityCheck                     
000010c0  het2ParityCheck                     
0000465c  hetGetTimestamp                     
00003f5c  hetInit                             
00007588  hetNotification                     
00004640  hetResetTimestamp                   
00001004  htu1ParityCheck                     
000011bc  htu2ParityCheck                     
00006ebc  isButtonClick                       
00007e1c  led_period_ms                       
000075b0  main                                
00002b8c  mapClocks                           
00007659  memcpy                              
00000174  memoryInit                          
00007500  memoryPort0TestFailNotification     
0000751c  memoryPort1TestFailNotification     
000015b0  mibspi1ParityCheck                  
000016c0  mibspi3ParityCheck                  
08001502  mode                                
0000484c  muxInit                             
00002150  pbistFail                           
000021d4  pbistGetConfigValue                 
000005a8  pbistIsTestCompleted                
000005d4  pbistIsTestPassed                   
00000608  pbistPortTestStatus                 
000004ac  pbistRun                            
000002cc  pbistSelfCheck                      
00000578  pbistStop                           
00002b38  periphInit                          
00007854  phantomInterrupt                    
00004c24  pinmuxGetConfigValue                
00004464  pwmDisableNotification              
0000441c  pwmEnableNotification               
0000433c  pwmGetSignal                        
0000755c  pwmNotification                     
00004084  pwmSetDuty                          
000041c0  pwmSetSignal                        
0000401c  pwmStart                            
00004050  pwmStop                             
00000000  resetEntry                          
000077b0  rtiCompare0Interrupt                
00005b1c  rtiDisableNotification              
00005af4  rtiEnableNotification               
00005b38  rtiGetConfigValue                   
00005888  rtiGetCurrentTick                   
00005860  rtiGetPeriod                        
00005688  rtiInit                             
000075f8  rtiNotification                     
000057d4  rtiResetCounter                     
00005838  rtiSetPeriod                        
0000577c  rtiStartCounter                     
000057a8  rtiStopCounter                      
00000020  selftestFailNotification            
00002af8  setupFlash                          
00002a34  setupPLL                            
00003308  sramGetConfigValue                  
0000231c  stcGetConfigValue                   
000001b8  stcSelfCheck                        
00000df8  stcSelfCheckFail                    
00002d80  systemGetConfigValue                
00002c84  systemInit                          
00002d50  systemPowerDown                     
0000315c  tcmflashGetConfigValue              
00002a84  trimLPO                             
000035dc  vimChannelMap                       
00003848  vimDisableInterrupt                 
00003680  vimEnableInterrupt                  
000038f4  vimGetConfigValue                   
00003508  vimInit                             
00000e00  vimParityCheck                      
00006a50  vimParityErrorHandler               


GLOBAL SYMBOLS: SORTED BY Symbol Address 

address   name                                
-------   ----                                
00000000  __TI_static_base__                  
00000000  resetEntry                          
00000020  selftestFailNotification            
00000030  ccmSelfCheck                        
00000174  memoryInit                          
000001b8  stcSelfCheck                        
00000234  cpuSelfTest                         
000002cc  pbistSelfCheck                      
000004ac  pbistRun                            
00000578  pbistStop                           
000005a8  pbistIsTestCompleted                
000005d4  pbistIsTestPassed                   
00000608  pbistPortTestStatus                 
00000660  efcCheck                            
000006e8  efcStuckZeroTest                    
00000794  efcSelfTest                         
000007bc  checkefcSelfTest                    
0000085c  fmcBus2Check                        
00000898  fmcECCcheck                         
00000938  checkB0RAMECC                       
00000b28  checkB1RAMECC                       
00000d18  checkFlashECC                       
00000df4  custom_dabort                       
00000df8  stcSelfCheckFail                    
00000dfc  cpuSelfTestFail                     
00000e00  vimParityCheck                      
00000eac  dmaParityCheck                      
00000f58  het1ParityCheck                     
00001004  htu1ParityCheck                     
000010c0  het2ParityCheck                     
000011bc  htu2ParityCheck                     
0000126c  adc1ParityCheck                     
00001358  adc2ParityCheck                     
00001410  can1ParityCheck                     
000014e8  can2ParityCheck                     
000015b0  mibspi1ParityCheck                  
000016c0  mibspi3ParityCheck                  
00001800  checkRAMECC                         
00001a50  checkClockMonitor                   
00001b18  checkFlashEEPROMECC                 
00001cac  checkPLL1Slip                       
00001db0  checkRAMAddrParity                  
00001ec4  checkRAMUERRTest                    
00002034  fmcBus1ParityCheck                  
00002150  pbistFail                           
000021d4  pbistGetConfigValue                 
0000231c  stcGetConfigValue                   
000023bc  efcGetConfigValue                   
00002454  ccmr4GetConfigValue                 
000024d4  errata_PBIST_4                      
00002840  enableParity                        
000028bc  disableParity                       
00002a34  setupPLL                            
00002a84  trimLPO                             
00002af8  setupFlash                          
00002b38  periphInit                          
00002b8c  mapClocks                           
00002c84  systemInit                          
00002d50  systemPowerDown                     
00002d80  systemGetConfigValue                
0000315c  tcmflashGetConfigValue              
00003308  sramGetConfigValue                  
00003444  customTrimLPO                       
00003508  vimInit                             
000035dc  vimChannelMap                       
00003680  vimEnableInterrupt                  
00003848  vimDisableInterrupt                 
000038f4  vimGetConfigValue                   
00003f5c  hetInit                             
0000401c  pwmStart                            
00004050  pwmStop                             
00004084  pwmSetDuty                          
000041c0  pwmSetSignal                        
0000433c  pwmGetSignal                        
0000441c  pwmEnableNotification               
00004464  pwmDisableNotification              
00004494  edgeResetCounter                    
000044c0  edgeGetCounter                      
000044ec  edgeEnableNotification              
00004528  edgeDisableNotification             
00004568  capGetSignal                        
00004640  hetResetTimestamp                   
0000465c  hetGetTimestamp                     
00004674  het1GetConfigValue                  
0000484c  muxInit                             
00004c24  pinmuxGetConfigValue                
00005024  _errata_SSWF021_45_both_plls        
00005218  _errata_SSWF021_45_pll1             
00005390  _errata_SSWF021_45_pll2             
00005688  rtiInit                             
0000577c  rtiStartCounter                     
000057a8  rtiStopCounter                      
000057d4  rtiResetCounter                     
00005838  rtiSetPeriod                        
00005860  rtiGetPeriod                        
00005888  rtiGetCurrentTick                   
00005914  dwdInit                             
0000593c  dwwdInit                            
00005984  dwwdGetCurrentDownCounter           
00005990  dwdCounterEnable                    
000059a0  dwdSetPreload                       
000059bc  dwdReset                            
000059d8  dwdGenerateSysReset                 
000059f4  IsdwdKeySequenceCorrect             
00005a28  dwdGetStatus                        
00005a5c  dwdClearFlag                        
00005a6c  dwdGetViolationStatus               
00005af4  rtiEnableNotification               
00005b1c  rtiDisableNotification              
00005b38  rtiGetConfigValue                   
00005cc4  esmInit                             
00005dcc  esmError                            
00005de8  esmEnableError                      
00005e10  esmDisableError                     
00005e38  esmTriggerErrorPinReset             
00005e48  esmActivateNormalOperation          
00005e58  esmEnableInterrupt                  
00005e80  esmDisableInterrupt                 
00005ea8  esmSetInterruptLevel                
00005f1c  esmClearStatus                      
00005f5c  esmClearStatusBuffer                
00005f78  esmSetCounterPreloadValue           
00005f98  esmGetStatus                        
0000601c  esmGetStatusBuffer                  
00006054  esmEnterSelfTest                    
000060dc  esmSelfTestStatus                   
0000612c  esmGetConfigValue                   
00006280  gioInit                             
00006350  gioSetDirection                     
00006370  gioSetBit                           
000063c0  gioSetPort                          
000063e0  gioGetBit                           
00006408  gioGetPort                          
00006420  gioToggleBit                        
00006478  gioEnableNotification               
000064e0  gioDisableNotification              
00006548  gioGetConfigValue                   
00006704  _coreInitRegisters_                 
00006810  _coreInitStackPointer_              
0000685c  _getCPSRValue_                      
00006864  _gotoCPUIdle_                       
0000687c  _coreEnableVfp_                     
00006894  _coreEnableEventBusExport_          
000068a4  _coreDisableEventBusExport_         
000068b4  _coreEnableRamEcc_                  
000068c4  _coreDisableRamEcc_                 
000068d4  _coreEnableFlashEcc_                
000068e8  _coreDisableFlashEcc_               
000068f8  _coreEnableIrqVicOffset_            
00006908  _coreGetDataFault_                  
00006910  _coreClearDataFault_                
0000691c  _coreGetInstructionFault_           
00006924  _coreClearInstructionFault_         
00006930  _coreGetDataFaultAddress_           
00006938  _coreClearDataFaultAddress_         
00006944  _coreGetInstructionFaultAddress_    
0000694c  _coreClearInstructionFaultAddress_  
00006958  _coreGetAuxiliaryDataFault_         
00006960  _coreClearAuxiliaryDataFault_       
0000696c  _coreGetAuxiliaryInstructionFault_  
00006974  _coreClearAuxiliaryInstructionFault_
00006980  _disable_interrupt_                 
00006988  _disable_FIQ_interrupt_             
00006990  _disable_IRQ_interrupt_             
00006998  _enable_interrupt_                  
000069a0  _esmCcmErrorsClear_                 
00006a28  _errata_CORTEXR4_57_                
00006a38  _errata_CORTEXR4_66_                
00006a48  __TI_PINIT_Base                     
00006a4c  __TI_PINIT_Limit                    
00006a50  vimParityErrorHandler               
00006d1c  ModeChange                          
00006e20  Wave                                
00006e3c  Pong                                
00006e64  BinaryInc                           
00006ebc  isButtonClick                       
00006fa8  _c_int00                            
00007204  esmHighInterrupt                    
00007318  _dabort                             
00007400  _pmuInit_                           
0000744c  _pmuEnableCountersGlobal_           
0000745c  _pmuDisableCountersGlobal_          
0000746c  _pmuResetCycleCounter_              
0000747c  _pmuResetEventCounters_             
0000748c  _pmuResetCounters_                  
0000749c  _pmuStartCounters_                  
000074a4  _pmuStopCounters_                   
000074ac  _pmuSetCountEvent_                  
000074b8  _pmuGetCycleCount_                  
000074c0  _pmuGetEventCount_                  
000074cc  _pmuGetOverflow_                    
000074e0  esmGroup1Notification               
000074f0  esmGroup2Notification               
00007500  memoryPort0TestFailNotification     
0000751c  memoryPort1TestFailNotification     
00007548  gioNotification                     
0000755c  pwmNotification                     
00007574  edgeNotification                    
00007588  hetNotification                     
0000759c  dmaGroupANotification               
000075b0  main                                
000075f8  rtiNotification                     
00007659  __aeabi_memcpy                      
00007659  __aeabi_memcpy4                     
00007659  __aeabi_memcpy8                     
00007659  memcpy                              
000076f5  __TI_decompress_lzss                
00007760  __aeabi_uidiv                       
00007760  __aeabi_uidivmod                    
000077b0  rtiCompare0Interrupt                
000077fd  __TI_auto_init_nobinit_nopinit      
00007841  __TI_decompress_none                
0000784f  C$$EXIT                             
0000784f  abort                               
00007853  __aeabi_idiv0                       
00007853  __aeabi_ldiv0                       
00007854  phantomInterrupt                    
00007858  handlePLLLockFail                   
00007e1c  led_period_ms                       
00007e30  __TI_Handler_Table_Base             
00007e38  __TI_CINIT_Base                     
00007e38  __TI_Handler_Table_Limit            
00007e40  __TI_CINIT_Limit                    
08001500  __start___llvm_prf_cnts             
08001500  __stop___llvm_prf_cnts              
08001502  mode                                
ffffffff  __TI_pprof_out_hndl                 
ffffffff  __TI_prof_data_size                 
ffffffff  __TI_prof_data_start                
ffffffff  __binit__                           
ffffffff  __c_args__                          
ffffffff  binit                               
UNDEFED   SHT$$INIT_ARRAY$$Base               
UNDEFED   SHT$$INIT_ARRAY$$Limit              
UNDEFED   _system_post_cinit                  

[235 symbols]
