******************************************************************************
                  TI ARM Linker PC v20.2.7                     
******************************************************************************
>> Linked Tue Apr 11 16:25:37 2023

OUTPUT FILE NAME:   <LED_TEST_4.out>
ENTRY POINT SYMBOL: "_c_int00"  address: 000070e0


MEMORY CONFIGURATION

         name            origin    length      used     unused   attr    fill
----------------------  --------  ---------  --------  --------  ----  --------
  VECTORS               00000000   00000020  00000020  00000000     X
  FLASH0                00000020   000fffe0  00007f4c  000f8094  R  X
  STACKS                08000000   00001500  00000000  00001500  RW  
  RAM                   08001500   0001eb00  00000012  0001eaee  RW  


SEGMENT ALLOCATION MAP

run origin  load origin   length   init length attrs members
----------  ----------- ---------- ----------- ----- -------
00000000    00000000    00007f70   00007f70    r-x
  00000000    00000000    00000020   00000020    r-x .intvecs
  00000020    00000020    00007974   00007974    r-x .text
  00007994    00007994    000005c0   000005c0    r-- .const
  00007f58    00007f58    00000018   00000018    r-- .cinit
08001500    08001500    00000012   00000000    rw-
  08001500    08001500    00000012   00000000    rw- .data


SECTION ALLOCATION MAP

 output                                  attributes/
section   page    origin      length       input sections
--------  ----  ----------  ----------   ----------------
.intvecs   0    00000000    00000020     
                  00000000    00000020     sys_intvecs.obj (.intvecs)

.text      0    00000020    00007974     
                  00000020    00002a14     sys_selftest.obj (.text)
                  00002a34    00000ad4     system.obj (.text)
                  00003508    00000a54     sys_vim.obj (.text)
                  00003f5c    000008f0     het.obj (.text)
                  0000484c    000007d8     pinmux.obj (.text)
                  00005024    00000664     errata_SSWF021_45.obj (.text)
                  00005688    0000063c     rti.obj (.text)
                  00005cc4    000005bc     esm.obj (.text)
                  00006280    00000484     gio.obj (.text)
                  00006704    000003c4     My_file.obj (.text)
                  00006ac8    0000034c     sys_core.obj (.text)
                  00006e14    000002cc     sys_vim.obj (.text:retain)
                  000070e0    0000025c     sys_startup.obj (.text:retain)
                  0000733c    00000114     esm.obj (.text:retain)
                  00007450    000000e8     dabort.obj (.text)
                  00007538    000000e0     sys_pmu.obj (.text)
                  00007618    000000d0     notification.obj (.text)
                  000076e8    000000a8     sys_main.obj (.text)
                  00007790    0000009c     rtsv7R4_T_be_v3D16_eabi.lib : memcpy_t2.asm.obj (.text)
                  0000782c    0000006c                                 : copy_decompress_lzss.c.obj (.text:decompress:lzss:__TI_decompress_lzss)
                  00007898    00000050                                 : u_div32.asm.obj (.text)
                  000078e8    0000004c     rti.obj (.text:retain)
                  00007934    00000044     rtsv7R4_T_be_v3D16_eabi.lib : autoinit.c.obj (.text:__TI_auto_init_nobinit_nopinit:__TI_auto_init_nobinit_nopinit)
                  00007978    0000000e                                 : copy_decompress_none.c.obj (.text:decompress:none:__TI_decompress_none)
                  00007986    00000004                                 : exit.c.obj (.text:abort:abort)
                  0000798a    00000002                                 : div0.asm.obj (.text)
                  0000798c    00000004     sys_phantom.obj (.text:retain)
                  00007990    00000004     sys_startup.obj (.text)

.const     0    00007994    000005c0     
                  00007994    000003a0     het.obj (.const:het1PROGRAM)
                  00007d34    00000200     sys_vim.obj (.const:s_vim_init)
                  00007f34    00000020     het.obj (.const:s_het1pwmPolarity)

.cinit     0    00007f58    00000018     
                  00007f58    00000008     (__TI_handler_table)
                  00007f60    00000007     (.cinit..data.load) [load image, compression = lzss]
                  00007f67    00000001     --HOLE-- [fill = 0]
                  00007f68    00000008     (__TI_cinit_table)

.data      0    08001500    00000012     UNINITIALIZED
                  08001500    00000011     My_file.obj (.data)
                  08001511    00000001     sys_main.obj (.data)

__llvm_prf_cnts 
*          0    08001500    00000000     UNINITIALIZED

MODULE SUMMARY

       Module                       code    ro data   rw data
       ------                       ----    -------   -------
    .\source\
       sys_selftest.obj             10772   0         0      
       sys_vim.obj                  3360    512       0      
       het.obj                      2288    960       0      
       system.obj                   2772    0         0      
       pinmux.obj                   2008    0         0      
       esm.obj                      1744    0         0      
       rti.obj                      1672    0         0      
       errata_SSWF021_45.obj        1636    0         0      
       gio.obj                      1156    0         0      
       My_file.obj                  964     0         17     
       sys_core.obj                 844     0         0      
       sys_startup.obj              608     0         0      
       dabort.obj                   232     0         0      
       sys_pmu.obj                  224     0         0      
       notification.obj             208     0         0      
       sys_main.obj                 168     0         1      
       sys_intvecs.obj              32      0         0      
       sys_phantom.obj              4       0         0      
    +--+----------------------------+-------+---------+---------+
       Total:                       30692   1472      18     
                                                             
    D:/Progs/ccs/tools/compiler/ti-cgt-arm_20.2.7.LTS/lib/rtsv7R4_T_be_v3D16_eabi.lib
       memcpy_t2.asm.obj            156     0         0      
       copy_decompress_lzss.c.obj   108     0         0      
       u_div32.asm.obj              80      0         0      
       autoinit.c.obj               68      0         0      
       copy_decompress_none.c.obj   14      0         0      
       exit.c.obj                   4       0         0      
       div0.asm.obj                 2       0         0      
    +--+----------------------------+-------+---------+---------+
       Total:                       432     0         0      
                                                             
       Linker Generated:            0       23        0      
    +--+----------------------------+-------+---------+---------+
       Grand Total:                 31124   1495      18     


LINKER GENERATED COPY TABLES

__TI_cinit_table @ 00007f68 records: 1, size/record: 8, table size: 8
	.data: load addr=00007f60, load size=00000007 bytes, run addr=08001500, run size=00000012 bytes, compression=lzss


LINKER GENERATED HANDLER TABLE

__TI_handler_table @ 00007f58 records: 2, size/record: 4, table size: 8
	index: 0, handler: __TI_decompress_lzss
	index: 1, handler: __TI_decompress_none


GLOBAL SYMBOLS: SORTED ALPHABETICALLY BY Name 

address   name                                
-------   ----                                
00007987  C$$EXIT                             
000059f4  IsdwdKeySequenceCorrect             
UNDEFED   SHT$$INIT_ARRAY$$Base               
UNDEFED   SHT$$INIT_ARRAY$$Limit              
00007f68  __TI_CINIT_Base                     
00007f70  __TI_CINIT_Limit                    
00007f58  __TI_Handler_Table_Base             
00007f60  __TI_Handler_Table_Limit            
00006e0c  __TI_PINIT_Base                     
00006e10  __TI_PINIT_Limit                    
00007935  __TI_auto_init_nobinit_nopinit      
0000782d  __TI_decompress_lzss                
00007979  __TI_decompress_none                
ffffffff  __TI_pprof_out_hndl                 
ffffffff  __TI_prof_data_size                 
ffffffff  __TI_prof_data_start                
00000000  __TI_static_base__                  
0000798b  __aeabi_idiv0                       
0000798b  __aeabi_ldiv0                       
00007791  __aeabi_memcpy                      
00007791  __aeabi_memcpy4                     
00007791  __aeabi_memcpy8                     
00007898  __aeabi_uidiv                       
00007898  __aeabi_uidivmod                    
ffffffff  __binit__                           
ffffffff  __c_args__                          
08001500  __start___llvm_prf_cnts             
08001500  __stop___llvm_prf_cnts              
000070e0  _c_int00                            
00006d24  _coreClearAuxiliaryDataFault_       
00006d38  _coreClearAuxiliaryInstructionFault_
00006cfc  _coreClearDataFaultAddress_         
00006cd4  _coreClearDataFault_                
00006d10  _coreClearInstructionFaultAddress_  
00006ce8  _coreClearInstructionFault_         
00006c68  _coreDisableEventBusExport_         
00006cac  _coreDisableFlashEcc_               
00006c88  _coreDisableRamEcc_                 
00006c58  _coreEnableEventBusExport_          
00006c98  _coreEnableFlashEcc_                
00006cbc  _coreEnableIrqVicOffset_            
00006c78  _coreEnableRamEcc_                  
00006c40  _coreEnableVfp_                     
00006d1c  _coreGetAuxiliaryDataFault_         
00006d30  _coreGetAuxiliaryInstructionFault_  
00006cf4  _coreGetDataFaultAddress_           
00006ccc  _coreGetDataFault_                  
00006d08  _coreGetInstructionFaultAddress_    
00006ce0  _coreGetInstructionFault_           
00006ac8  _coreInitRegisters_                 
00006bd4  _coreInitStackPointer_              
00007450  _dabort                             
00006d4c  _disable_FIQ_interrupt_             
00006d54  _disable_IRQ_interrupt_             
00006d44  _disable_interrupt_                 
00006d5c  _enable_interrupt_                  
00006dec  _errata_CORTEXR4_57_                
00006dfc  _errata_CORTEXR4_66_                
00005024  _errata_SSWF021_45_both_plls        
00005218  _errata_SSWF021_45_pll1             
00005390  _errata_SSWF021_45_pll2             
00006d64  _esmCcmErrorsClear_                 
00006c20  _getCPSRValue_                      
00006c28  _gotoCPUIdle_                       
00007594  _pmuDisableCountersGlobal_          
00007584  _pmuEnableCountersGlobal_           
000075f0  _pmuGetCycleCount_                  
000075f8  _pmuGetEventCount_                  
00007604  _pmuGetOverflow_                    
00007538  _pmuInit_                           
000075c4  _pmuResetCounters_                  
000075a4  _pmuResetCycleCounter_              
000075b4  _pmuResetEventCounters_             
000075e4  _pmuSetCountEvent_                  
000075d4  _pmuStartCounters_                  
000075dc  _pmuStopCounters_                   
UNDEFED   _system_post_cinit                  
00007987  abort                               
0000126c  adc1ParityCheck                     
00001358  adc2ParityCheck                     
0000697c  b_inc                               
ffffffff  binit                               
000069d4  button_state                        
00001410  can1ParityCheck                     
000014e8  can2ParityCheck                     
00004568  capGetSignal                        
00000030  ccmSelfCheck                        
00002454  ccmr4GetConfigValue                 
00000938  checkB0RAMECC                       
00000b28  checkB1RAMECC                       
00001a50  checkClockMonitor                   
00000d18  checkFlashECC                       
00001b18  checkFlashEEPROMECC                 
00001cac  checkPLL1Slip                       
00001db0  checkRAMAddrParity                  
00001800  checkRAMECC                         
00001ec4  checkRAMUERRTest                    
000007bc  checkefcSelfTest                    
00000234  cpuSelfTest                         
00000dfc  cpuSelfTestFail                     
00003444  customTrimLPO                       
00000df4  custom_dabort                       
000028bc  disableParity                       
000076d4  dmaGroupANotification               
00000eac  dmaParityCheck                      
00005a5c  dwdClearFlag                        
00005990  dwdCounterEnable                    
000059d8  dwdGenerateSysReset                 
00005a28  dwdGetStatus                        
00005a6c  dwdGetViolationStatus               
00005914  dwdInit                             
000059bc  dwdReset                            
000059a0  dwdSetPreload                       
00005984  dwwdGetCurrentDownCounter           
0000593c  dwwdInit                            
00004528  edgeDisableNotification             
000044ec  edgeEnableNotification              
000044c0  edgeGetCounter                      
000076ac  edgeNotification                    
00004494  edgeResetCounter                    
00000660  efcCheck                            
000023bc  efcGetConfigValue                   
00000794  efcSelfTest                         
000006e8  efcStuckZeroTest                    
00002840  enableParity                        
000024d4  errata_PBIST_4                      
00005e48  esmActivateNormalOperation          
00005f1c  esmClearStatus                      
00005f5c  esmClearStatusBuffer                
00005e10  esmDisableError                     
00005e80  esmDisableInterrupt                 
00005de8  esmEnableError                      
00005e58  esmEnableInterrupt                  
00006054  esmEnterSelfTest                    
00005dcc  esmError                            
0000612c  esmGetConfigValue                   
00005f98  esmGetStatus                        
0000601c  esmGetStatusBuffer                  
00007618  esmGroup1Notification               
00007628  esmGroup2Notification               
0000733c  esmHighInterrupt                    
00005cc4  esmInit                             
000060dc  esmSelfTestStatus                   
00005f78  esmSetCounterPreloadValue           
00005ea8  esmSetInterruptLevel                
00005e38  esmTriggerErrorPinReset             
00002034  fmcBus1ParityCheck                  
0000085c  fmcBus2Check                        
00000898  fmcECCcheck                         
000064e0  gioDisableNotification              
00006478  gioEnableNotification               
000063e0  gioGetBit                           
00006548  gioGetConfigValue                   
00006408  gioGetPort                          
00006280  gioInit                             
00007680  gioNotification                     
00006370  gioSetBit                           
00006350  gioSetDirection                     
000063c0  gioSetPort                          
00006420  gioToggleBit                        
00007990  handlePLLLockFail                   
00004674  het1GetConfigValue                  
00000f58  het1ParityCheck                     
000010c0  het2ParityCheck                     
0000465c  hetGetTimestamp                     
00003f5c  hetInit                             
000076c0  hetNotification                     
00004640  hetResetTimestamp                   
00001004  htu1ParityCheck                     
000011bc  htu2ParityCheck                     
000076e8  main                                
00002b8c  mapClocks                           
00007791  memcpy                              
00000174  memoryInit                          
00007638  memoryPort0TestFailNotification     
00007654  memoryPort1TestFailNotification     
000015b0  mibspi1ParityCheck                  
000016c0  mibspi3ParityCheck                  
00006704  mode_change                         
0000484c  muxInit                             
00002150  pbistFail                           
000021d4  pbistGetConfigValue                 
000005a8  pbistIsTestCompleted                
000005d4  pbistIsTestPassed                   
00000608  pbistPortTestStatus                 
000004ac  pbistRun                            
000002cc  pbistSelfCheck                      
00000578  pbistStop                           
00002b38  periphInit                          
0000798c  phantomInterrupt                    
00004c24  pinmuxGetConfigValue                
00006884  pong                                
00004464  pwmDisableNotification              
0000441c  pwmEnableNotification               
0000433c  pwmGetSignal                        
00007694  pwmNotification                     
00004084  pwmSetDuty                          
000041c0  pwmSetSignal                        
0000401c  pwmStart                            
00004050  pwmStop                             
00000000  resetEntry                          
000078e8  rtiCompare0Interrupt                
00005b1c  rtiDisableNotification              
00005af4  rtiEnableNotification               
00005b38  rtiGetConfigValue                   
00005888  rtiGetCurrentTick                   
00005860  rtiGetPeriod                        
00005688  rtiInit                             
00007730  rtiNotification                     
000057d4  rtiResetCounter                     
00005838  rtiSetPeriod                        
0000577c  rtiStartCounter                     
000057a8  rtiStopCounter                      
00000020  selftestFailNotification            
00002af8  setupFlash                          
00002a34  setupPLL                            
00003308  sramGetConfigValue                  
0000231c  stcGetConfigValue                   
000001b8  stcSelfCheck                        
00000df8  stcSelfCheckFail                    
00002d80  systemGetConfigValue                
00002c84  systemInit                          
00002d50  systemPowerDown                     
0000315c  tcmflashGetConfigValue              
00002a84  trimLPO                             
000035dc  vimChannelMap                       
00003848  vimDisableInterrupt                 
00003680  vimEnableInterrupt                  
000038f4  vimGetConfigValue                   
00003508  vimInit                             
00000e00  vimParityCheck                      
00006e14  vimParityErrorHandler               
00006798  wave                                


GLOBAL SYMBOLS: SORTED BY Symbol Address 

address   name                                
-------   ----                                
00000000  __TI_static_base__                  
00000000  resetEntry                          
00000020  selftestFailNotification            
00000030  ccmSelfCheck                        
00000174  memoryInit                          
000001b8  stcSelfCheck                        
00000234  cpuSelfTest                         
000002cc  pbistSelfCheck                      
000004ac  pbistRun                            
00000578  pbistStop                           
000005a8  pbistIsTestCompleted                
000005d4  pbistIsTestPassed                   
00000608  pbistPortTestStatus                 
00000660  efcCheck                            
000006e8  efcStuckZeroTest                    
00000794  efcSelfTest                         
000007bc  checkefcSelfTest                    
0000085c  fmcBus2Check                        
00000898  fmcECCcheck                         
00000938  checkB0RAMECC                       
00000b28  checkB1RAMECC                       
00000d18  checkFlashECC                       
00000df4  custom_dabort                       
00000df8  stcSelfCheckFail                    
00000dfc  cpuSelfTestFail                     
00000e00  vimParityCheck                      
00000eac  dmaParityCheck                      
00000f58  het1ParityCheck                     
00001004  htu1ParityCheck                     
000010c0  het2ParityCheck                     
000011bc  htu2ParityCheck                     
0000126c  adc1ParityCheck                     
00001358  adc2ParityCheck                     
00001410  can1ParityCheck                     
000014e8  can2ParityCheck                     
000015b0  mibspi1ParityCheck                  
000016c0  mibspi3ParityCheck                  
00001800  checkRAMECC                         
00001a50  checkClockMonitor                   
00001b18  checkFlashEEPROMECC                 
00001cac  checkPLL1Slip                       
00001db0  checkRAMAddrParity                  
00001ec4  checkRAMUERRTest                    
00002034  fmcBus1ParityCheck                  
00002150  pbistFail                           
000021d4  pbistGetConfigValue                 
0000231c  stcGetConfigValue                   
000023bc  efcGetConfigValue                   
00002454  ccmr4GetConfigValue                 
000024d4  errata_PBIST_4                      
00002840  enableParity                        
000028bc  disableParity                       
00002a34  setupPLL                            
00002a84  trimLPO                             
00002af8  setupFlash                          
00002b38  periphInit                          
00002b8c  mapClocks                           
00002c84  systemInit                          
00002d50  systemPowerDown                     
00002d80  systemGetConfigValue                
0000315c  tcmflashGetConfigValue              
00003308  sramGetConfigValue                  
00003444  customTrimLPO                       
00003508  vimInit                             
000035dc  vimChannelMap                       
00003680  vimEnableInterrupt                  
00003848  vimDisableInterrupt                 
000038f4  vimGetConfigValue                   
00003f5c  hetInit                             
0000401c  pwmStart                            
00004050  pwmStop                             
00004084  pwmSetDuty                          
000041c0  pwmSetSignal                        
0000433c  pwmGetSignal                        
0000441c  pwmEnableNotification               
00004464  pwmDisableNotification              
00004494  edgeResetCounter                    
000044c0  edgeGetCounter                      
000044ec  edgeEnableNotification              
00004528  edgeDisableNotification             
00004568  capGetSignal                        
00004640  hetResetTimestamp                   
0000465c  hetGetTimestamp                     
00004674  het1GetConfigValue                  
0000484c  muxInit                             
00004c24  pinmuxGetConfigValue                
00005024  _errata_SSWF021_45_both_plls        
00005218  _errata_SSWF021_45_pll1             
00005390  _errata_SSWF021_45_pll2             
00005688  rtiInit                             
0000577c  rtiStartCounter                     
000057a8  rtiStopCounter                      
000057d4  rtiResetCounter                     
00005838  rtiSetPeriod                        
00005860  rtiGetPeriod                        
00005888  rtiGetCurrentTick                   
00005914  dwdInit                             
0000593c  dwwdInit                            
00005984  dwwdGetCurrentDownCounter           
00005990  dwdCounterEnable                    
000059a0  dwdSetPreload                       
000059bc  dwdReset                            
000059d8  dwdGenerateSysReset                 
000059f4  IsdwdKeySequenceCorrect             
00005a28  dwdGetStatus                        
00005a5c  dwdClearFlag                        
00005a6c  dwdGetViolationStatus               
00005af4  rtiEnableNotification               
00005b1c  rtiDisableNotification              
00005b38  rtiGetConfigValue                   
00005cc4  esmInit                             
00005dcc  esmError                            
00005de8  esmEnableError                      
00005e10  esmDisableError                     
00005e38  esmTriggerErrorPinReset             
00005e48  esmActivateNormalOperation          
00005e58  esmEnableInterrupt                  
00005e80  esmDisableInterrupt                 
00005ea8  esmSetInterruptLevel                
00005f1c  esmClearStatus                      
00005f5c  esmClearStatusBuffer                
00005f78  esmSetCounterPreloadValue           
00005f98  esmGetStatus                        
0000601c  esmGetStatusBuffer                  
00006054  esmEnterSelfTest                    
000060dc  esmSelfTestStatus                   
0000612c  esmGetConfigValue                   
00006280  gioInit                             
00006350  gioSetDirection                     
00006370  gioSetBit                           
000063c0  gioSetPort                          
000063e0  gioGetBit                           
00006408  gioGetPort                          
00006420  gioToggleBit                        
00006478  gioEnableNotification               
000064e0  gioDisableNotification              
00006548  gioGetConfigValue                   
00006704  mode_change                         
00006798  wave                                
00006884  pong                                
0000697c  b_inc                               
000069d4  button_state                        
00006ac8  _coreInitRegisters_                 
00006bd4  _coreInitStackPointer_              
00006c20  _getCPSRValue_                      
00006c28  _gotoCPUIdle_                       
00006c40  _coreEnableVfp_                     
00006c58  _coreEnableEventBusExport_          
00006c68  _coreDisableEventBusExport_         
00006c78  _coreEnableRamEcc_                  
00006c88  _coreDisableRamEcc_                 
00006c98  _coreEnableFlashEcc_                
00006cac  _coreDisableFlashEcc_               
00006cbc  _coreEnableIrqVicOffset_            
00006ccc  _coreGetDataFault_                  
00006cd4  _coreClearDataFault_                
00006ce0  _coreGetInstructionFault_           
00006ce8  _coreClearInstructionFault_         
00006cf4  _coreGetDataFaultAddress_           
00006cfc  _coreClearDataFaultAddress_         
00006d08  _coreGetInstructionFaultAddress_    
00006d10  _coreClearInstructionFaultAddress_  
00006d1c  _coreGetAuxiliaryDataFault_         
00006d24  _coreClearAuxiliaryDataFault_       
00006d30  _coreGetAuxiliaryInstructionFault_  
00006d38  _coreClearAuxiliaryInstructionFault_
00006d44  _disable_interrupt_                 
00006d4c  _disable_FIQ_interrupt_             
00006d54  _disable_IRQ_interrupt_             
00006d5c  _enable_interrupt_                  
00006d64  _esmCcmErrorsClear_                 
00006dec  _errata_CORTEXR4_57_                
00006dfc  _errata_CORTEXR4_66_                
00006e0c  __TI_PINIT_Base                     
00006e10  __TI_PINIT_Limit                    
00006e14  vimParityErrorHandler               
000070e0  _c_int00                            
0000733c  esmHighInterrupt                    
00007450  _dabort                             
00007538  _pmuInit_                           
00007584  _pmuEnableCountersGlobal_           
00007594  _pmuDisableCountersGlobal_          
000075a4  _pmuResetCycleCounter_              
000075b4  _pmuResetEventCounters_             
000075c4  _pmuResetCounters_                  
000075d4  _pmuStartCounters_                  
000075dc  _pmuStopCounters_                   
000075e4  _pmuSetCountEvent_                  
000075f0  _pmuGetCycleCount_                  
000075f8  _pmuGetEventCount_                  
00007604  _pmuGetOverflow_                    
00007618  esmGroup1Notification               
00007628  esmGroup2Notification               
00007638  memoryPort0TestFailNotification     
00007654  memoryPort1TestFailNotification     
00007680  gioNotification                     
00007694  pwmNotification                     
000076ac  edgeNotification                    
000076c0  hetNotification                     
000076d4  dmaGroupANotification               
000076e8  main                                
00007730  rtiNotification                     
00007791  __aeabi_memcpy                      
00007791  __aeabi_memcpy4                     
00007791  __aeabi_memcpy8                     
00007791  memcpy                              
0000782d  __TI_decompress_lzss                
00007898  __aeabi_uidiv                       
00007898  __aeabi_uidivmod                    
000078e8  rtiCompare0Interrupt                
00007935  __TI_auto_init_nobinit_nopinit      
00007979  __TI_decompress_none                
00007987  C$$EXIT                             
00007987  abort                               
0000798b  __aeabi_idiv0                       
0000798b  __aeabi_ldiv0                       
0000798c  phantomInterrupt                    
00007990  handlePLLLockFail                   
00007f58  __TI_Handler_Table_Base             
00007f60  __TI_Handler_Table_Limit            
00007f68  __TI_CINIT_Base                     
00007f70  __TI_CINIT_Limit                    
08001500  __start___llvm_prf_cnts             
08001500  __stop___llvm_prf_cnts              
ffffffff  __TI_pprof_out_hndl                 
ffffffff  __TI_prof_data_size                 
ffffffff  __TI_prof_data_start                
ffffffff  __binit__                           
ffffffff  __c_args__                          
ffffffff  binit                               
UNDEFED   SHT$$INIT_ARRAY$$Base               
UNDEFED   SHT$$INIT_ARRAY$$Limit              
UNDEFED   _system_post_cinit                  

[233 symbols]
